  console.log
    { email: 'test@example.com', password: 'password123' }

      at log (src/app/signup/page.tsx:23:13)

  console.log
    { email: 'invalid-email', password: 'password123' }

      at log (src/app/signup/page.tsx:23:13)

  console.log
    { email: 'test@example.com', password: 'password123' }

      at log (src/app/signup/page.tsx:23:13)

FAIL src/app/signup/page.test.tsx (5.373 s)
  SignUpPage Form Validation
    ├ù Empty required fields -> validation error shown (HTML5 validation) (351 ms)
    ΓêÜ Password mismatch -> error message appears (1114 ms)
    ΓêÜ Invalid email -> error message appears (778 ms)
    ΓêÜ Valid input -> form submits successfully and redirects (892 ms)

  ΓùÅ SignUpPage Form Validation ΓÇ║ Empty required fields -> validation error shown (HTML5 validation)

    TestingLibraryElementError: Found multiple elements with the role "button" and name `/Sign Up/i`

    Here are the matching elements:

    Ignored nodes: comments, script, style
    <button
      class="w-full mt-4 rounded-2xl bg-gradient-to-r from-violet-600 to-fuchsia-500 py-4 text-white font-semibold text-lg shadow-[0_12px_30px_rgba(139,92,246,0.28)] hover:scale-[1.01] transition"
      type="submit"
    >
      Sign Up
    </button>

    Ignored nodes: comments, script, style
    <button
      class="w-full rounded-2xl border border-slate-200 bg-white py-4 text-slate-700 font-medium hover:bg-slate-50 transition"
      type="button"
    >
      Sign up with Google
    </button>

    (If this is intentional, then use the `*AllBy*` variant of the query (like `queryAllByText`, `getAllByText`, or `findAllByText`)).

    Ignored nodes: comments, script, style
    <body>
      <div>
        <main
          class="min-h-screen bg-[#f8f8fb] text-slate-900 flex items-center justify-center px-6 py-16"
        >
          <div
            class="w-full max-w-md"
          >
            <div
              class="flex items-center justify-center gap-3 mb-8"
            >
              <div
                class="w-12 h-12 rounded-xl bg-gradient-to-r from-violet-600 to-fuchsia-500 text-white flex items-center justify-center font-bold text-2xl shadow-lg shadow-violet-500/20"
              >
                M
              </div>
              <span
                class="text-4xl font-extrabold tracking-tight text-slate-900"
              >
                MoodFLOW
              </span>
            </div>
            <div
              class="rounded-[32px] bg-white shadow-[0_20px_60px_rgba(15,23,42,0.08)] border border-slate-100 px-8 py-10"
            >
              <div
                class="text-center mb-8"
              >
                <h1
                  class="text-4xl font-extrabold tracking-tight text-slate-900"
                >
                  Sign up for a new account
                </h1>
                <p
                  class="mt-3 text-base text-slate-500"
                >
                  Welcome! Please enter your details to create a new account
                </p>
              </div>
              <form
                class="space-y-5"
              >
                <div>
                  <label
                    class="block text-sm font-semibold text-slate-700 mb-2"
                  >
                    Email address
                  </label>
                  <div
                    class="flex items-center gap-3 rounded-2xl border border-slate-200 bg-white px-4 py-4 focus-within:ring-2 focus-within:ring-violet-500/20 focus-within:border-violet-400 transition"
                  >
                    <svg
                      aria-hidden="true"
                      class="lucide lucide-mail w-5 h-5 text-slate-400"
                      fill="none"
                      height="24"
                      stroke="currentColor"
                      stroke-linecap="round"
                      stroke-linejoin="round"
                      stroke-width="2"
                      viewBox="0 0 24 24"
                      width="24"
                      xmlns="http://www.w3.org/2000/svg"
                    >
                      <path
                        d="m22 7-8.991 5.727a2 2 0 0 1-2.009 0L2 7"
                      />
                      <rect
                        height="16"
                        rx="2"
                        width="20"
                        x="2"
                        y="4"
                      />
                    </svg>
                    <input
                      class="w-full bg-transparent outline-none text-slate-700 placeholder:text-slate-400"
                      placeholder="Email address"
                      required=""
                      type="email"
                      value=""
                    />
                  </div>
                </div>
                <div>
                  <label
                    class="block text-sm font-semibold text-slate-700 mb-2"
                  >
                    Password
                  </label>
                  <div
                    class="flex items-center gap-3 rounded-2xl border border-slate-200 bg-white px-4 py-4 focus-within:ring-2 focus-within:ring-violet-500/20 focus-within:border-violet-400 transition"
                  >
                    <svg
                      aria-hidden="true"
                      class="lucide lucide-lock w-5 h-5 text-slate-400"
                      fill="none"
                      height="24"
                      stroke="currentColor"
                      stroke-linecap="round"
                      stroke-linejoin="round"
                      stroke-width="2"
                      viewBox="0 0 24 24"
                      width="24"
                      xmlns="http://www.w3.org/2000/svg"
                    >
                      <rect
                        height="11"
                        rx="2"
                        ry="2"
                        width="18"
                        x="3"
                        y="11"
                      />
                      <path
                        d="M7 11V7a5 5 0 0 1 10 0v4"
                      />
                    </svg>
                    <input
                      class="w-full bg-transparent outline-none text-slate-700 placeholder:text-slate-400"
                      placeholder="Password"
                      required=""
                      type="password"
                      value=""
                    />
                  </div>
                </div>
                <div>
                  <label
                    class="block text-sm font-semibold text-slate-700 mb-2"
                  >
                    Confirm Password
                  </label>
                  <div
                    class="flex items-center gap-3 rounded-2xl border border-slate-200 bg-white px-4 py-4 focus-within:ring-2 focus-within:ring-violet-500/20 focus-within:border-violet-400 transition"
                  >
                    <svg
                      aria-hidden="true"
                      class="lucide lucide-lock w-5 h-5 text-slate-400"
                      fill="none"
                      height="24"
                      stroke="currentColor"
                      stroke-linecap="round"
                      stroke-linejoin="round"
                      stroke-width="2"
                      viewBox="0 0 24 24"
                      width="24"
                      xmlns="http://www.w3.org/2000/svg"
                    >
                      <rect
                        height="11"
                        rx="2"
                        ry="2"
                        width="18"
                        x="3"
                        y="11"
                      />
                      <path
                        d="M7 11V7a5 5 0 0 1 10 0v4"
                      />
                    </svg>
                    <input
                      class="w-full bg-transparent outline-none text-slate-700 placeholder:text-slate-400"
                      placeholder="Password"
                      required=""
                      type="password"
                      value=""
                    />
                  </div>
                </div>
                <button
                  class="w-full mt-4 rounded-2xl bg-gradient-to-r from-violet-600 to-fuchsia-500 py-4 text-white font-semibold text-lg shadow-[0_12px_30px_rgba(139,92,246,0.28)] hover:scale-[1.01] transition"
                  type="submit"
                >
                  Sign Up
                </button>
              </form>
              <div
                class="flex items-center gap-4 my-8"
              >
                <div
                  class="h-px flex-1 bg-slate-200"
                />
                <span
                  class="text-sm text-slate-400 font-medium"
                >
                  or
                </span>
                <div
                  class="h-px flex-1 bg-slate-200"
                />
              </div>
              <button
                class="w-full rounded-2xl border border-slate-200 bg-white py-4 text-slate-700 font-medium hover:bg-slate-50 transition"
                type="button"
              >
                Sign up with Google
              </button>
              <div
                class="text-center mt-4"
              >
                <a
                  class="text-sm font-semibold text-violet-600 hover:text-violet-700 transition"
                  href="/login"
                >
                  Sign in
                </a>
              </div>
            </div>
            <div
              class="mt-10 h-5 w-full rounded-full bg-gradient-to-r from-violet-600 to-fuchsia-500 opacity-90"
            />
          </div>
        </main>
      </div>
    </body>

      42 |   test('Empty required fields -> validation error shown (HTML5 validation)', async () => {
      43 |     render(<SignUpPage />);
    > 44 |     const submitBtn = screen.getByRole('button', { name: /Sign Up/i });
         |                              ^
      45 |     
      46 |     // HTML form validation should prevent standard submission if fields are empty
      47 |     // so we can test if the inputs are marked required.

      at Object.getElementError (node_modules/@testing-library/dom/dist/config.js:37:19)
      at getElementError (node_modules/@testing-library/dom/dist/query-helpers.js:20:35)
      at getMultipleElementsFoundError (node_modules/@testing-library/dom/dist/query-helpers.js:23:10)
      at node_modules/@testing-library/dom/dist/query-helpers.js:55:13
      at node_modules/@testing-library/dom/dist/query-helpers.js:95:19
      at Object.getByRole (src/app/signup/page.test.tsx:44:30)

Test Suites: 1 failed, 1 total
Tests:       1 failed, 3 passed, 4 total
Snapshots:   0 total
Time:        6.683 s
Ran all test suites matching src/app/signup/page.test.tsx.
